// Jest Snapshot v1, https://goo.gl/fbAQLP

exports[`Picture Input renders correctly 1`] = `
{
  "component": PictureInput {
    "$$": {
      "after_update": [],
      "before_update": [],
      "bound": {},
      "callbacks": {},
      "context": Map {},
      "ctx": [
        {
          "args": {},
          "id": "picture-input",
          "testId": "picture-input-test-id",
          "type": "PictureInput",
        },
        undefined,
        <input
          accept=".jpg, .jpeg, .png"
          data-testid="picture-input-test-id-file-input"
          type="file"
        />,
        undefined,
        undefined,
        "picture-input-test-id",
        [Function],
        [Function],
        [Function],
        [Function],
        [Function],
        [Function],
      ],
      "dirty": [
        -1,
      ],
      "fragment": {
        "c": [Function],
        "d": [Function],
        "i": [Function],
        "l": [Function],
        "m": [Function],
        "o": [Function],
        "p": [Function],
      },
      "not_equal": [Function],
      "on_destroy": [
        [Function],
      ],
      "on_disconnect": [],
      "on_mount": [],
      "props": {
        "view": 0,
      },
      "root": <div>
        <div
          data-testid="picture-input-test-id"
        >
          <h2>
            Upload a picture for cropping
          </h2>
           
          <input
            accept=".jpg, .jpeg, .png"
            data-testid="picture-input-test-id-file-input"
            type="file"
          />
          
        </div>
        
      </div>,
      "skip_bound": false,
      "update": [Function],
    },
    "$$set": [Function],
    "$capture_state": [Function],
    "$inject_state": [Function],
  },
  "container": <body>
    <div>
      <div
        data-testid="picture-input-test-id"
      >
        <h2>
          Upload a picture for cropping
        </h2>
         
        <input
          accept=".jpg, .jpeg, .png"
          data-testid="picture-input-test-id-file-input"
          type="file"
        />
        
      </div>
      
    </div>
  </body>,
  "debug": [Function],
  "findAllByAltText": [Function],
  "findAllByDisplayValue": [Function],
  "findAllByLabelText": [Function],
  "findAllByPlaceholderText": [Function],
  "findAllByRole": [Function],
  "findAllByTestId": [Function],
  "findAllByText": [Function],
  "findAllByTitle": [Function],
  "findByAltText": [Function],
  "findByDisplayValue": [Function],
  "findByLabelText": [Function],
  "findByPlaceholderText": [Function],
  "findByRole": [Function],
  "findByTestId": [Function],
  "findByText": [Function],
  "findByTitle": [Function],
  "getAllByAltText": [Function],
  "getAllByDisplayValue": [Function],
  "getAllByLabelText": [Function],
  "getAllByPlaceholderText": [Function],
  "getAllByRole": [Function],
  "getAllByTestId": [Function],
  "getAllByText": [Function],
  "getAllByTitle": [Function],
  "getByAltText": [Function],
  "getByDisplayValue": [Function],
  "getByLabelText": [Function],
  "getByPlaceholderText": [Function],
  "getByRole": [Function],
  "getByTestId": [Function],
  "getByText": [Function],
  "getByTitle": [Function],
  "queryAllByAltText": [Function],
  "queryAllByDisplayValue": [Function],
  "queryAllByLabelText": [Function],
  "queryAllByPlaceholderText": [Function],
  "queryAllByRole": [Function],
  "queryAllByTestId": [Function],
  "queryAllByText": [Function],
  "queryAllByTitle": [Function],
  "queryByAltText": [Function],
  "queryByDisplayValue": [Function],
  "queryByLabelText": [Function],
  "queryByPlaceholderText": [Function],
  "queryByRole": [Function],
  "queryByTestId": [Function],
  "queryByText": [Function],
  "queryByTitle": [Function],
  "rerender": [Function],
  "unmount": [Function],
}
`;
